Microchip MPLAB XC8 Compiler V1.41 ()

Linker command line:

-W-3 --edf=C:\Program Files\Microchip\xc8\v1.41\dat\en_msgs.txt -cs \
  -h+dist/default/production\HardwareReset.X.production.sym \
  --cmf=dist/default/production\HardwareReset.X.production.cmf -z \
  -Q18F46K22 -oC:\Users\ARIELL~1\AppData\Local\Temp\s22o.2 \
  -Mdist/default/production/HardwareReset.X.production.map -E1 -ver=XC8 \
  -ASTACK=0A1h-0f37h -pstack=STACK -ACODE=00h-0FFFFh -ACONST=00h-0FFFFh \
  -ASMALLCONST=01000h-010FFhx240 -AMEDIUMCONST=01000h-0FFFFh \
  -ACOMRAM=01h-05Fh -AABS1=00h-0F37h -ABIGRAM=01h-0F37h \
  -ARAM=060h-0FFh,0100h-01FFhx14,0F00h-0F37h -ABANK0=060h-0FFh \
  -ABANK1=0100h-01FFh -ABANK2=0200h-02FFh -ABANK3=0300h-03FFh \
  -ABANK4=0400h-04FFh -ABANK5=0500h-05FFh -ABANK6=0600h-06FFh \
  -ABANK7=0700h-07FFh -ABANK8=0800h-08FFh -ABANK9=0900h-09FFh \
  -ABANK10=0A00h-0AFFh -ABANK11=0B00h-0BFFh -ABANK12=0C00h-0CFFh \
  -ABANK13=0D00h-0DFFh -ABANK14=0E00h-0EFFh -ABANK15=0F00h-0F37h \
  -ASFR=0F38h-0F5Fh,0F60h-0FFFh \
  -preset_vec=00h,intcode=08h,intcodelo,powerup,init -pramtop=01000h \
  -psmallconst=SMALLCONST -pmediumconst=MEDIUMCONST -pconst=CONST \
  -AFARRAM=00h-00h -ACONFIG=0300000h-030000Dh -pconfig=CONFIG \
  -AIDLOC=0200000h-0200007h -pidloc=IDLOC -AEEDATA=0F00000h-0F003FFh \
  -peeprom_data=EEDATA \
  -prdata=COMRAM,nvrram=COMRAM,nvbit=COMRAM,rbss=COMRAM,rbit=COMRAM \
  -pfarbss=FARRAM,fardata=FARRAM,nvFARRAM=FARRAM \
  -pintsave_regs=BIGRAM,bigbss=BIGRAM,bigdata=BIGRAM -pbss=RAM \
  -pidata=CODE,irdata=CODE,ibigdata=CODE,ifardata=CODE -prparam=COMRAM \
  C:\Users\ARIELL~1\AppData\Local\Temp\s22o.obj \
  dist/default/production\HardwareReset.X.production.obj 

Object code version is 3.11

Machine type is 18F46K22

Call graph: (short form)




                Name                               Link     Load   Length Selector   Space Scale
C:\Users\ARIELL~1\AppData\Local\Temp\s22o.obj
                init                                 8A       8A        4        4       0
                reset_vec                             0        0        4        0       0
                idloc                            200000   200000        8   200000       0
                config                           300000   300000        E   300000       0
dist/default/production\HardwareReset.X.production.obj
                intcode                               8        8       82        4       0
                temp                                 50       50        1        1       1
                text40                              5F4      5F4      12E        4       0
                text39                             11C4     11C4        2        4       0
                text38                             101C     101C       26        4       0
                text37                              FF4      FF4       28        4       0
                text35                             1104     1104       18        4       0
                text34                             11BE     11BE        4        4       0
                text33                             11A6     11A6        A        4       0
                text32                              C8A      C8A       AE        4       0
                text31                              F92      F92       38        4       0
                text30                              E7A      E7A       90        4       0
                text29                              BCE      BCE       BC        4       0
                text28                              FCA      FCA       2A        4       0
                text27                              91A      91A       F2        4       0
                text26                             10EA     10EA       1A        4       0
                text25                              A0C      A0C       E6        4       0
                text24                              826      826       F4        4       0
                text23                              D38      D38       A8        4       0
                text22                             1066     1066       24        4       0
                text21                              722      722      104        4       0
                text20                             119C     119C        A        4       0
                text19                              DE0      DE0       9A        4       0
                text18                             115C     115C       14        4       0
                text17                             1190     1190        C        4       0
                text16                              31A      31A      1AC        4       0
                text15                              4C6      4C6      12E        4       0
                text14                               8E       8E      28C        4       0
                text13                             1042     1042       24        4       0
                text12                              AF2      AF2       DC        4       0
                text11                             10AC     10AC       20        4       0
                text10                             11B0     11B0        6        4       0
                text9                              1132     1132       16        4       0
                text8                              1148     1148       14        4       0
                text7                              111C     111C       16        4       0
                text6                              11BA     11BA        4        4       0
                text5                              1182     1182        E        4       0
                text4                               F0A      F0A       4A        4       0
                text3                              11B6     11B6        4        4       0
                text2                              108A     108A       22        4       0
                text1                              10CC     10CC       1E        4       0
                text0                              1170     1170       12        4       0
                cstackCOMRAM                          1        1       3E        1       1
                cstackBANK0                          85       85       18       60       1
                dataBANK0                            9F       9F        2       60       1
                bssBANK0                             60       60       25       60       1
                bssCOMRAM                            3F       3F       11        1       1
                cinit                               F54      F54       3E        4       0
                nvBANK0                              9D       9D        2       60       1
                idataBANK0                         11C2     11C2        2        4       0

TOTAL           Name                               Link     Load   Length     Space
        CLASS   STACK          

        CLASS   CODE           
                intcode                               8        8       82         0
                init                                 8A       8A        4         0
                reset_vec                             0        0        4         0
                text40                              5F4      5F4      12E         0
                text39                             11C4     11C4        2         0
                text38                             101C     101C       26         0
                text37                              FF4      FF4       28         0
                text35                             1104     1104       18         0
                text34                             11BE     11BE        4         0
                text33                             11A6     11A6        A         0
                text32                              C8A      C8A       AE         0
                text31                              F92      F92       38         0
                text30                              E7A      E7A       90         0
                text29                              BCE      BCE       BC         0
                text28                              FCA      FCA       2A         0
                text27                              91A      91A       F2         0
                text26                             10EA     10EA       1A         0
                text25                              A0C      A0C       E6         0
                text24                              826      826       F4         0
                text23                              D38      D38       A8         0
                text22                             1066     1066       24         0
                text21                              722      722      104         0
                text20                             119C     119C        A         0
                text19                              DE0      DE0       9A         0
                text18                             115C     115C       14         0
                text17                             1190     1190        C         0
                text16                              31A      31A      1AC         0
                text15                              4C6      4C6      12E         0
                text14                               8E       8E      28C         0
                text13                             1042     1042       24         0
                text12                              AF2      AF2       DC         0
                text11                             10AC     10AC       20         0
                text10                             11B0     11B0        6         0
                text9                              1132     1132       16         0
                text8                              1148     1148       14         0
                text7                              111C     111C       16         0
                text6                              11BA     11BA        4         0
                text5                              1182     1182        E         0
                text4                               F0A      F0A       4A         0
                text3                              11B6     11B6        4         0
                text2                              108A     108A       22         0
                text1                              10CC     10CC       1E         0
                text0                              1170     1170       12         0
                cinit                               F54      F54       3E         0
                idataBANK0                         11C2     11C2        2         0

        CLASS   CONST          

        CLASS   SMALLCONST     

        CLASS   MEDIUMCONST    

        CLASS   COMRAM         
                temp                                 50       50        1         1
                cstackCOMRAM                          1        1       3E         1
                bssCOMRAM                            3F       3F       11         1

        CLASS   ABS1           

        CLASS   BIGRAM         

        CLASS   RAM            

        CLASS   BANK0          
                cstackBANK0                          85       85       18         1
                dataBANK0                            9F       9F        2         1
                bssBANK0                             60       60       25         1
                nvBANK0                              9D       9D        2         1

        CLASS   BANK1          

        CLASS   BANK2          

        CLASS   BANK3          

        CLASS   BANK4          

        CLASS   BANK5          

        CLASS   BANK6          

        CLASS   BANK7          

        CLASS   BANK8          

        CLASS   BANK9          

        CLASS   BANK10         

        CLASS   BANK11         

        CLASS   BANK12         

        CLASS   BANK13         

        CLASS   BANK14         

        CLASS   BANK15         

        CLASS   SFR            

        CLASS   FARRAM         

        CLASS   CONFIG         
                config                           300000   300000        E         0

        CLASS   IDLOC          
                idloc                            200000   200000        8         0

        CLASS   EEDATA         



SEGMENTS        Name                           Load    Length   Top    Selector   Space  Class

                reset_vec                      000000  000004  000004         0       0  CODE    
                cstackCOMRAM                   000001  000050  000051         1       1  COMRAM  
                intcode                        000008  0011BE  0011C6         4       0  CODE    
                bssBANK0                       000060  000041  0000A1        60       1  BANK0   
                idloc                          200000  000008  200008    200000       0  IDLOC   
                config                         300000  00000E  30000E    300000       0  CONFIG  


UNUSED ADDRESS RANGES

        Name                Unused          Largest block    Delta
        BANK0            0000A1-0000FF               5F
        BANK1            000100-0001FF              100
        BANK10           000A00-000AFF              100
        BANK11           000B00-000BFF              100
        BANK12           000C00-000CFF              100
        BANK13           000D00-000DFF              100
        BANK14           000E00-000EFF              100
        BANK15           000F00-000F37               38
        BANK2            000200-0002FF              100
        BANK3            000300-0003FF              100
        BANK4            000400-0004FF              100
        BANK5            000500-0005FF              100
        BANK6            000600-0006FF              100
        BANK7            000700-0007FF              100
        BANK8            000800-0008FF              100
        BANK9            000900-0009FF              100
        BIGRAM           000051-00005F                F
                         0000A1-000F37              E97
        CODE             000004-000007                4
                         0011C6-00FFFF             EE3A
        COMRAM           000051-00005F                F
        CONST            000004-000007                4
                         0011C6-00FFFF             EE3A
        EEDATA           F00000-F003FF              400
        MEDIUMCONST      0011C6-00FFFF             EE3A
        RAM              0000A1-000F37              100
        SFR              000F38-000FFF               28
        SMALLCONST       0011C6-00FFFF              100
        STACK            0000A1-000F37              E97

                                  Symbol Table

?_ADC_GetConversionResult                 cstackCOMRAM 000010
?_PID_Control                             cstackCOMRAM 00003D
?___awtoft                                cstackCOMRAM 000018
?___ftadd                                 cstackCOMRAM 00002D
?___ftdiv                                 cstackCOMRAM 00002A
?___ftmul                                 cstackCOMRAM 00001B
?___ftneg                                 cstackCOMRAM 00002A
?___ftpack                                cstackCOMRAM 000010
?___fttol                                 cstackCOMRAM 000039
?___lwtoft                                cstackCOMRAM 000018
ADC_SelectChannel@channel                 cstackCOMRAM 000011
PID_Control@dInput                        cstackBANK0  000092
PID_Control@error                         cstackBANK0  000098
PID_Control@newInput                      cstackCOMRAM 00003D
PID_SetControllerDirection@Direction      cstackCOMRAM 000010
PID_SetMode@Mode                          cstackCOMRAM 000025
PID_SetMode@newAuto                       cstackCOMRAM 000027
PID_SetOutputLimits@Max                   cstackCOMRAM 000027
PID_SetOutputLimits@Min                   cstackCOMRAM 000025
PID_SetPoint@newSetPoint                  cstackCOMRAM 00001C
PID_SetSampleTime@newSampleTime           cstackCOMRAM 000039
PID_SetSampleTime@ratio                   cstackCOMRAM 00003B
PID_SetTunings@Kd                         cstackBANK0  00008B
PID_SetTunings@Ki                         cstackBANK0  000088
PID_SetTunings@Kp                         cstackBANK0  000085
PID_SetTunings@SampleTimeInSec            cstackCOMRAM 000039
TMR2_ISR@CountCallBack                    bssBANK0     000081
TMR2_SetInterruptHandler@InterruptHandler cstackCOMRAM 000010
TMR2_Tick@Hard_OFF                        bssBANK0     000075
TMR2_Tick@Hard_ON                         bssBANK0     000077
TMR2_Tick@PeltierCounter                  bssBANK0     000071
TMR2_Tick@State                           bssBANK0     000073
TMR2_Tick@min                             bssBANK0     000079
TMR2_Tick@seg                             bssBANK0     00007B
TempAcquisition@TEMPERATURA               bssBANK0     00006F
_ADCON0                                   (abs)        000FC2
_ADCON0bits                               (abs)        000FC2
_ADCON1                                   (abs)        000FC1
_ADCON2                                   (abs)        000FC0
_ADC_GetConversionResult                  text18       00115C
_ADC_Initialize                           text9        001132
_ADC_IsConversionDone                     text17       001190
_ADC_SelectChannel                        text35       001104
_ADC_StartConversion                      text34       0011BE
_ADRESH                                   (abs)        000FC4
_ADRESL                                   (abs)        000FC3
_ANSELA                                   (abs)        000F38
_ANSELB                                   (abs)        000F39
_ANSELC                                   (abs)        000F3A
_ANSELD                                   (abs)        000F3B
_ANSELE                                   (abs)        000F3C
_BAUDCON1                                 (abs)        000FB8
_CCP5CON                                  (abs)        000F54
_CCP5_Initialize                          text8        001148
_CCPR5H                                   (abs)        000F56
_CCPR5L                                   (abs)        000F55
_DutyPeltier                              bssBANK0     00007D
_EUSART1_Initialize                       text7        00111C
_INTCON2bits                              (abs)        000FF1
_INTCONbits                               (abs)        000FF2
_INTERRUPT_Initialize                     text6        0011BA
_INTERRUPT_InterruptManager               intcode      000008
_ITerm                                    bssBANK0     000063
_InitHardware                             text19       000DE0
_Input                                    bssBANK0     00006D
_LATA                                     (abs)        000F89
_LATAbits                                 (abs)        000F89
_LATB                                     (abs)        000F8A
_LATC                                     (abs)        000F8B
_LATD                                     (abs)        000F8C
_LATDbits                                 (abs)        000F8C
_LATE                                     (abs)        000F8D
_MainTask                                 text10       0011B0
_OSCCON                                   (abs)        000FD3
_OSCCON2                                  (abs)        000FD2
_OSCILLATOR_Initialize                    text5        001182
_OSCTUNE                                  (abs)        000F9B
_Output                                   bssBANK0     00006B
_PIDConfig                                bssCOMRAM    00003F
_PID_Control                              text14       00008E
_PID_Control$1464                         cstackBANK0  000095
_PID_Initialize                           text29       000BCE
_PID_SetControllerDirection               text33       0011A6
_PID_SetMode                              text28       000FCA
_PID_SetOutputLimits                      text27       00091A
_PID_SetPoint                             text26       0010EA
_PID_SetSampleTime                        text23       000D38
_PID_SetTunings                           text21       000722
_PIE1bits                                 (abs)        000F9D
_PIN_MANAGER_Initialize                   text4        000F0A
_PIR1bits                                 (abs)        000F9E
_PR2                                      (abs)        000FBB
_RCONbits                                 (abs)        000FD0
_RCREG1                                   (abs)        000FAE
_RCSTA1                                   (abs)        000FAB
_RCSTA1bits                               (abs)        000FAB
_SPBRG1                                   (abs)        000FAF
_SPBRGH1                                  (abs)        000FB0
_SYSTEM_Initialize                        text1        0010CC
_SampleTime                               dataBANK0    00009F
_T2CON                                    (abs)        000FBA
_T2CONbits                                (abs)        000FBA
_TEMP_FLOAT                               bssBANK0     000066
_TMR2                                     (abs)        000FBC
_TMR2_CallBack                            text38       00101C
_TMR2_DefaultInterruptHandler             text39       0011C4
_TMR2_ISR                                 text37       000FF4
_TMR2_Initialize                          text2        00108A
_TMR2_InterruptHandler                    nvBANK0      00009D
_TMR2_SetInterruptHandler                 text20       00119C
_TMR2_StartTimer                          text3        0011B6
_TMR2_Tick                                text40       0005F4
_TRISA                                    (abs)        000F92
_TRISB                                    (abs)        000F93
_TRISC                                    (abs)        000F94
_TRISD                                    (abs)        000F95
_TRISE                                    (abs)        000F96
_TXREG1                                   (abs)        000FAD
_TXSTA1                                   (abs)        000FAC
_TempAcquisition                          text12       000AF2
_TempAcquisition$1463                     cstackBANK0  00009B
_TempCounter                              bssBANK0     00007F
_TempUpdate                               text11       0010AC
_WPUB                                     (abs)        000F61
__CFG_BOREN$SBORDIS                       (abs)        000000
__CFG_BORV$190                            (abs)        000000
__CFG_CCP2MX$PORTC1                       (abs)        000000
__CFG_CCP3MX$PORTB5                       (abs)        000000
__CFG_CP0$OFF                             (abs)        000000
__CFG_CP1$OFF                             (abs)        000000
__CFG_CP2$OFF                             (abs)        000000
__CFG_CP3$OFF                             (abs)        000000
__CFG_CPB$OFF                             (abs)        000000
__CFG_CPD$OFF                             (abs)        000000
__CFG_DEBUG$OFF                           (abs)        000000
__CFG_EBTR0$OFF                           (abs)        000000
__CFG_EBTR1$OFF                           (abs)        000000
__CFG_EBTR2$OFF                           (abs)        000000
__CFG_EBTR3$OFF                           (abs)        000000
__CFG_EBTRB$OFF                           (abs)        000000
__CFG_FCMEN$OFF                           (abs)        000000
__CFG_FOSC$INTIO67                        (abs)        000000
__CFG_HFOFST$ON                           (abs)        000000
__CFG_IESO$OFF                            (abs)        000000
__CFG_LVP$ON                              (abs)        000000
__CFG_MCLRE$EXTMCLR                       (abs)        000000
__CFG_P2BMX$PORTD2                        (abs)        000000
__CFG_PBADEN$ON                           (abs)        000000
__CFG_PLLCFG$OFF                          (abs)        000000
__CFG_PRICLKEN$ON                         (abs)        000000
__CFG_PWRTEN$OFF                          (abs)        000000
__CFG_STVREN$ON                           (abs)        000000
__CFG_T3CMX$PORTC0                        (abs)        000000
__CFG_WDTEN$OFF                           (abs)        000000
__CFG_WDTPS$32768                         (abs)        000000
__CFG_WRT0$OFF                            (abs)        000000
__CFG_WRT1$OFF                            (abs)        000000
__CFG_WRT2$OFF                            (abs)        000000
__CFG_WRT3$OFF                            (abs)        000000
__CFG_WRTB$OFF                            (abs)        000000
__CFG_WRTC$OFF                            (abs)        000000
__CFG_WRTD$OFF                            (abs)        000000
__CFG_XINST$OFF                           (abs)        000000
__HRAM                                    (abs)        000000
__Habs1                                   abs1         000000
__Hbank0                                  bank0        000000
__Hbank1                                  bank1        000000
__Hbank10                                 bank10       000000
__Hbank11                                 bank11       000000
__Hbank12                                 bank12       000000
__Hbank13                                 bank13       000000
__Hbank14                                 bank14       000000
__Hbank15                                 bank15       000000
__Hbank2                                  bank2        000000
__Hbank3                                  bank3        000000
__Hbank4                                  bank4        000000
__Hbank5                                  bank5        000000
__Hbank6                                  bank6        000000
__Hbank7                                  bank7        000000
__Hbank8                                  bank8        000000
__Hbank9                                  bank9        000000
__Hbigbss                                 bigbss       000000
__Hbigdata                                bigdata      000000
__Hbigram                                 bigram       000000
__Hbss                                    bss          000000
__HbssBANK0                               bssBANK0     000000
__HbssCOMRAM                              bssCOMRAM    000000
__Hcinit                                  cinit        000000
__Hclrtext                                clrtext      000000
__Hcomram                                 comram       000000
__Hconfig                                 config       30000E
__Hconst                                  const        000000
__HcstackBANK0                            cstackBANK0  000000
__HcstackCOMRAM                           cstackCOMRAM 000000
__Hdata                                   data         000000
__HdataBANK0                              dataBANK0    000000
__Heeprom_data                            eeprom_data  000000
__Hfarbss                                 farbss       000000
__Hfardata                                fardata      000000
__Hibigdata                               ibigdata     000000
__Hidata                                  idata        000000
__HidataBANK0                             idataBANK0   000000
__Hidloc                                  idloc        200008
__Hifardata                               ifardata     000000
__Hinit                                   init         00008E
__Hintcode                                intcode      00008A
__Hintcode_body                           intcode_body 000000
__Hintcodelo                              intcodelo    00008A
__Hintentry                               intentry     000000
__Hintret                                 intret       000000
__Hintsave_regs                           intsave_regs 000000
__Hirdata                                 irdata       000000
__Hmediumconst                            mediumconst  000000
__HnvBANK0                                nvBANK0      000000
__HnvFARRAM                               nvFARRAM     000000
__Hnvbit                                  nvbit        000000
__Hnvrram                                 nvrram       000000
__Hparam                                  rparam       000000
__Hpowerup                                powerup      00008A
__Hram                                    ram          000000
__Hramtop                                 ramtop       001000
__Hrbit                                   rbit         000000
__Hrbss                                   rbss         000000
__Hrdata                                  rdata        000000
__Hreset_vec                              reset_vec    000004
__Hrparam                                 rparam       000000
__Hsfr                                    sfr          000000
__Hsmallconst                             smallconst   000000
__Hspace_0                                (abs)        30000E
__Hspace_1                                (abs)        0000A1
__Hspace_2                                (abs)        000000
__Hstack                                  stack        000000
__Hstruct                                 struct       000000
__Htemp                                   temp         000051
__Htext                                   text         000000
__Htext0                                  text0        000000
__Htext1                                  text1        000000
__Htext10                                 text10       000000
__Htext11                                 text11       000000
__Htext12                                 text12       000000
__Htext13                                 text13       000000
__Htext14                                 text14       000000
__Htext15                                 text15       000000
__Htext16                                 text16       000000
__Htext17                                 text17       000000
__Htext18                                 text18       000000
__Htext19                                 text19       000000
__Htext2                                  text2        000000
__Htext20                                 text20       000000
__Htext21                                 text21       000000
__Htext22                                 text22       000000
__Htext23                                 text23       000000
__Htext24                                 text24       000000
__Htext25                                 text25       000000
__Htext26                                 text26       000000
__Htext27                                 text27       000000
__Htext28                                 text28       000000
__Htext29                                 text29       000000
__Htext3                                  text3        000000
__Htext30                                 text30       000000
__Htext31                                 text31       000000
__Htext32                                 text32       000000
__Htext33                                 text33       000000
__Htext34                                 text34       000000
__Htext35                                 text35       000000
__Htext37                                 text37       000000
__Htext38                                 text38       000000
__Htext39                                 text39       000000
__Htext4                                  text4        000000
__Htext40                                 text40       000000
__Htext41                                 text41       000000
__Htext5                                  text5        000000
__Htext6                                  text6        000000
__Htext7                                  text7        000000
__Htext8                                  text8        000000
__Htext9                                  text9        000000
__LRAM                                    (abs)        000001
__Labs1                                   abs1         000000
__Lbank0                                  bank0        000000
__Lbank1                                  bank1        000000
__Lbank10                                 bank10       000000
__Lbank11                                 bank11       000000
__Lbank12                                 bank12       000000
__Lbank13                                 bank13       000000
__Lbank14                                 bank14       000000
__Lbank15                                 bank15       000000
__Lbank2                                  bank2        000000
__Lbank3                                  bank3        000000
__Lbank4                                  bank4        000000
__Lbank5                                  bank5        000000
__Lbank6                                  bank6        000000
__Lbank7                                  bank7        000000
__Lbank8                                  bank8        000000
__Lbank9                                  bank9        000000
__Lbigbss                                 bigbss       000000
__Lbigdata                                bigdata      000000
__Lbigram                                 bigram       000000
__Lbss                                    bss          000000
__LbssBANK0                               bssBANK0     000000
__LbssCOMRAM                              bssCOMRAM    000000
__Lcinit                                  cinit        000000
__Lclrtext                                clrtext      000000
__Lcomram                                 comram       000000
__Lconfig                                 config       300000
__Lconst                                  const        000000
__LcstackBANK0                            cstackBANK0  000000
__LcstackCOMRAM                           cstackCOMRAM 000000
__Ldata                                   data         000000
__LdataBANK0                              dataBANK0    000000
__Leeprom_data                            eeprom_data  000000
__Lfarbss                                 farbss       000000
__Lfardata                                fardata      000000
__Libigdata                               ibigdata     000000
__Lidata                                  idata        000000
__LidataBANK0                             idataBANK0   000000
__Lidloc                                  idloc        200000
__Lifardata                               ifardata     000000
__Linit                                   init         00008A
__Lintcode                                intcode      000008
__Lintcode_body                           intcode_body 000000
__Lintcodelo                              intcodelo    00008A
__Lintentry                               intentry     000000
__Lintret                                 intret       000000
__Lintsave_regs                           intsave_regs 000000
__Lirdata                                 irdata       000000
__Lmediumconst                            mediumconst  000000
__LnvBANK0                                nvBANK0      000000
__LnvFARRAM                               nvFARRAM     000000
__Lnvbit                                  nvbit        000000
__Lnvrram                                 nvrram       000000
__Lparam                                  rparam       000000
__Lpowerup                                powerup      00008A
__Lram                                    ram          000000
__Lramtop                                 ramtop       001000
__Lrbit                                   rbit         000000
__Lrbss                                   rbss         000000
__Lrdata                                  rdata        000000
__Lreset_vec                              reset_vec    000000
__Lrparam                                 rparam       000000
__Lsfr                                    sfr          000000
__Lsmallconst                             smallconst   000000
__Lspace_0                                (abs)        000000
__Lspace_1                                (abs)        000000
__Lspace_2                                (abs)        000000
__Lstack                                  stack        000000
__Lstruct                                 struct       000000
__Ltemp                                   temp         000050
__Ltext                                   text         000000
__Ltext0                                  text0        000000
__Ltext1                                  text1        000000
__Ltext10                                 text10       000000
__Ltext11                                 text11       000000
__Ltext12                                 text12       000000
__Ltext13                                 text13       000000
__Ltext14                                 text14       000000
__Ltext15                                 text15       000000
__Ltext16                                 text16       000000
__Ltext17                                 text17       000000
__Ltext18                                 text18       000000
__Ltext19                                 text19       000000
__Ltext2                                  text2        000000
__Ltext20                                 text20       000000
__Ltext21                                 text21       000000
__Ltext22                                 text22       000000
__Ltext23                                 text23       000000
__Ltext24                                 text24       000000
__Ltext25                                 text25       000000
__Ltext26                                 text26       000000
__Ltext27                                 text27       000000
__Ltext28                                 text28       000000
__Ltext29                                 text29       000000
__Ltext3                                  text3        000000
__Ltext30                                 text30       000000
__Ltext31                                 text31       000000
__Ltext32                                 text32       000000
__Ltext33                                 text33       000000
__Ltext34                                 text34       000000
__Ltext35                                 text35       000000
__Ltext37                                 text37       000000
__Ltext38                                 text38       000000
__Ltext39                                 text39       000000
__Ltext4                                  text4        000000
__Ltext40                                 text40       000000
__Ltext41                                 text41       000000
__Ltext5                                  text5        000000
__Ltext6                                  text6        000000
__Ltext7                                  text7        000000
__Ltext8                                  text8        000000
__Ltext9                                  text9        000000
__S0                                      (abs)        30000E
__S1                                      (abs)        0000A1
__S2                                      (abs)        000000
___awtoft                                 text31       000F92
___awtoft@c                               cstackCOMRAM 000018
___awtoft@sign                            cstackCOMRAM 00001B
___ftadd                                  text16       00031A
___ftadd@exp1                             cstackCOMRAM 000038
___ftadd@exp2                             cstackCOMRAM 000037
___ftadd@f1                               cstackCOMRAM 00002D
___ftadd@f2                               cstackCOMRAM 000030
___ftadd@sign                             cstackCOMRAM 000036
___ftdiv                                  text25       000A0C
___ftdiv@cntr                             cstackCOMRAM 000033
___ftdiv@exp                              cstackCOMRAM 000037
___ftdiv@f1                               cstackCOMRAM 00002A
___ftdiv@f2                               cstackCOMRAM 00002D
___ftdiv@f3                               cstackCOMRAM 000034
___ftdiv@sign                             cstackCOMRAM 000038
___ftge                                   text30       000E7A
___ftge@ff1                               cstackCOMRAM 00001C
___ftge@ff2                               cstackCOMRAM 00001F
___ftmul                                  text24       000826
___ftmul@cntr                             cstackCOMRAM 000028
___ftmul@exp                              cstackCOMRAM 000024
___ftmul@f1                               cstackCOMRAM 00001B
___ftmul@f2                               cstackCOMRAM 00001E
___ftmul@f3_as_product                    cstackCOMRAM 000025
___ftmul@sign                             cstackCOMRAM 000029
___ftneg                                  text22       001066
___ftneg@f1                               cstackCOMRAM 00002A
___ftpack                                 text32       000C8A
___ftpack@arg                             cstackCOMRAM 000010
___ftpack@exp                             cstackCOMRAM 000013
___ftpack@sign                            cstackCOMRAM 000014
___fttol                                  text15       0004C6
___fttol@exp1                             cstackBANK0  00008F
___fttol@f1                               cstackCOMRAM 000039
___fttol@lval                             cstackBANK0  00008B
___fttol@sign1                            cstackBANK0  00008A
___inthi_sp                               stack        000000
___intlo_sp                               stack        000000
___lwtoft                                 text13       001042
___lwtoft@c                               cstackCOMRAM 000018
___param_bank                             (abs)        000000
___rparam_used                            (abs)        000001
___sp                                     stack        000000
__accesstop                               (abs)        000060
__activetblptr                            (abs)        000002
__end_of_ADC_GetConversionResult          text18       001170
__end_of_ADC_Initialize                   text9        001148
__end_of_ADC_IsConversionDone             text17       00119C
__end_of_ADC_SelectChannel                text35       00111C
__end_of_ADC_StartConversion              text34       0011C2
__end_of_CCP5_Initialize                  text8        00115C
__end_of_EUSART1_Initialize               text7        001132
__end_of_INTERRUPT_Initialize             text6        0011BE
__end_of_INTERRUPT_InterruptManager       intcode      00008A
__end_of_InitHardware                     text19       000E7A
__end_of_MainTask                         text10       0011B6
__end_of_OSCILLATOR_Initialize            text5        001190
__end_of_PID_Control                      text14       00031A
__end_of_PID_Initialize                   text29       000C8A
__end_of_PID_SetControllerDirection       text33       0011B0
__end_of_PID_SetMode                      text28       000FF4
__end_of_PID_SetOutputLimits              text27       000A0C
__end_of_PID_SetPoint                     text26       001104
__end_of_PID_SetSampleTime                text23       000DE0
__end_of_PID_SetTunings                   text21       000826
__end_of_PIN_MANAGER_Initialize           text4        000F54
__end_of_SYSTEM_Initialize                text1        0010EA
__end_of_TMR2_CallBack                    text38       001042
__end_of_TMR2_DefaultInterruptHandler     text39       0011C6
__end_of_TMR2_ISR                         text37       00101C
__end_of_TMR2_Initialize                  text2        0010AC
__end_of_TMR2_SetInterruptHandler         text20       0011A6
__end_of_TMR2_StartTimer                  text3        0011BA
__end_of_TMR2_Tick                        text40       000722
__end_of_TempAcquisition                  text12       000BCE
__end_of_TempUpdate                       text11       0010CC
__end_of___awtoft                         text31       000FCA
__end_of___ftadd                          text16       0004C6
__end_of___ftdiv                          text25       000AF2
__end_of___ftge                           text30       000F0A
__end_of___ftmul                          text24       00091A
__end_of___ftneg                          text22       00108A
__end_of___ftpack                         text32       000D38
__end_of___fttol                          text15       0005F4
__end_of___lwtoft                         text13       001066
__end_of__initialization                  cinit        000F84
__end_of_main                             text0        001182
__initialization                          cinit        000F54
__mediumconst                             mediumconst  000000
__pbssBANK0                               bssBANK0     000060
__pbssCOMRAM                              bssCOMRAM    00003F
__pcinit                                  cinit        000F54
__pcstackBANK0                            cstackBANK0  000085
__pcstackCOMRAM                           cstackCOMRAM 000001
__pdataBANK0                              dataBANK0    00009F
__pidataBANK0                             idataBANK0   0011C2
__pintcode                                intcode      000008
__pnvBANK0                                nvBANK0      00009D
__ptext0                                  text0        001170
__ptext1                                  text1        0010CC
__ptext10                                 text10       0011B0
__ptext11                                 text11       0010AC
__ptext12                                 text12       000AF2
__ptext13                                 text13       001042
__ptext14                                 text14       00008E
__ptext15                                 text15       0004C6
__ptext16                                 text16       00031A
__ptext17                                 text17       001190
__ptext18                                 text18       00115C
__ptext19                                 text19       000DE0
__ptext2                                  text2        00108A
__ptext20                                 text20       00119C
__ptext21                                 text21       000722
__ptext22                                 text22       001066
__ptext23                                 text23       000D38
__ptext24                                 text24       000826
__ptext25                                 text25       000A0C
__ptext26                                 text26       0010EA
__ptext27                                 text27       00091A
__ptext28                                 text28       000FCA
__ptext29                                 text29       000BCE
__ptext3                                  text3        0011B6
__ptext30                                 text30       000E7A
__ptext31                                 text31       000F92
__ptext32                                 text32       000C8A
__ptext33                                 text33       0011A6
__ptext34                                 text34       0011BE
__ptext35                                 text35       001104
__ptext37                                 text37       000FF4
__ptext38                                 text38       00101C
__ptext39                                 text39       0011C4
__ptext4                                  text4        000F0A
__ptext40                                 text40       0005F4
__ptext41                                 text41       000000
__ptext5                                  text5        001182
__ptext6                                  text6        0011BA
__ptext7                                  text7        00111C
__ptext8                                  text8        001148
__ptext9                                  text9        001132
__ramtop                                  ramtop       001000
__size_of_ADC_GetConversionResult         (abs)        000000
__size_of_ADC_Initialize                  (abs)        000000
__size_of_ADC_IsConversionDone            (abs)        000000
__size_of_ADC_SelectChannel               (abs)        000000
__size_of_ADC_StartConversion             (abs)        000000
__size_of_CCP5_Initialize                 (abs)        000000
__size_of_EUSART1_Initialize              (abs)        000000
__size_of_INTERRUPT_Initialize            (abs)        000000
__size_of_INTERRUPT_InterruptManager      (abs)        000000
__size_of_InitHardware                    (abs)        000000
__size_of_MainTask                        (abs)        000000
__size_of_OSCILLATOR_Initialize           (abs)        000000
__size_of_PID_Control                     (abs)        000000
__size_of_PID_Initialize                  (abs)        000000
__size_of_PID_SetControllerDirection      (abs)        000000
__size_of_PID_SetMode                     (abs)        000000
__size_of_PID_SetOutputLimits             (abs)        000000
__size_of_PID_SetPoint                    (abs)        000000
__size_of_PID_SetSampleTime               (abs)        000000
__size_of_PID_SetTunings                  (abs)        000000
__size_of_PIN_MANAGER_Initialize          (abs)        000000
__size_of_SYSTEM_Initialize               (abs)        000000
__size_of_TMR2_CallBack                   (abs)        000000
__size_of_TMR2_DefaultInterruptHandler    (abs)        000000
__size_of_TMR2_ISR                        (abs)        000000
__size_of_TMR2_Initialize                 (abs)        000000
__size_of_TMR2_SetInterruptHandler        (abs)        000000
__size_of_TMR2_StartTimer                 (abs)        000000
__size_of_TMR2_Tick                       (abs)        000000
__size_of_TempAcquisition                 (abs)        000000
__size_of_TempUpdate                      (abs)        000000
__size_of___awtoft                        (abs)        000000
__size_of___ftadd                         (abs)        000000
__size_of___ftdiv                         (abs)        000000
__size_of___ftge                          (abs)        000000
__size_of___ftmul                         (abs)        000000
__size_of___ftneg                         (abs)        000000
__size_of___ftpack                        (abs)        000000
__size_of___fttol                         (abs)        000000
__size_of___lwtoft                        (abs)        000000
__size_of_main                            (abs)        000000
__smallconst                              smallconst   000000
_controllerDirection                      bssBANK0     000069
_inAuto                                   bssCOMRAM    00004F
_lastInput                                bssBANK0     000060
_main                                     text0        001170
btemp                                     temp         000050
end_of_initialization                     cinit        000F84
int$flags                                 temp         000050
intlevel0                                 text         000000
intlevel1                                 text         000000
intlevel2                                 text         000000
intlevel3                                 text         000000
stackhi                                   (abs)        000F37
stacklo                                   (abs)        0000A1
start                                     init         00008A
start_initialization                      cinit        000F54


FUNCTION INFORMATION:

 *************** function _main *****************
 Defined at:
		line 56 in file "main.c"
 Parameters:    Size  Location     Type
		None
 Auto vars:     Size  Location     Type
		None
 Return value:  Size  Location     Type
                  1    wreg      void 
 Registers used:
		wreg, status,2, status,0, cstack
 Tracked objects:
		On entry : 
		On exit  : 
		Unchanged: 
 Data sizes:     COMRAM   BANK0   BANK1   BANK2   BANK3   BANK4   BANK5   BANK6   BANK7   BANK8   BANK9  BANK10  BANK11  BANK12  BANK13  BANK14  BANK15
      Params:         0       0       0       0       0       0       0       0       0       0       0       0       0       0       0       0       0
      Locals:         0       0       0       0       0       0       0       0       0       0       0       0       0       0       0       0       0
      Temps:          0       0       0       0       0       0       0       0       0       0       0       0       0       0       0       0       0
      Totals:         0       0       0       0       0       0       0       0       0       0       0       0       0       0       0       0       0
Total ram usage:        0 bytes
 Hardware stack levels required when called:   10
 This function calls:
		_InitHardware
		_MainTask
		_SYSTEM_Initialize
 This function is called by:
		Startup code after reset
 This function uses a non-reentrant model


 *************** function _SYSTEM_Initialize *****************
 Defined at:
		line 111 in file "mcc_generated_files/mcc.c"
 Parameters:    Size  Location     Type
		None
 Auto vars:     Size  Location     Type
		None
 Return value:  Size  Location     Type
                  1    wreg      void 
 Registers used:
		wreg, status,2, status,0, cstack
 Tracked objects:
		On entry : 
		On exit  : 
		Unchanged: 
 Data sizes:     COMRAM   BANK0   BANK1   BANK2   BANK3   BANK4   BANK5   BANK6   BANK7   BANK8   BANK9  BANK10  BANK11  BANK12  BANK13  BANK14  BANK15
      Params:         0       0       0       0       0       0       0       0       0       0       0       0       0       0       0       0       0
      Locals:         0       0       0       0       0       0       0       0       0       0       0       0       0       0       0       0       0
      Temps:          0       0       0       0       0       0       0       0       0       0       0       0       0       0       0       0       0
      Totals:         0       0       0       0       0       0       0       0       0       0       0       0       0       0       0       0       0
Total ram usage:        0 bytes
 Hardware stack levels used:    1
 Hardware stack levels required when called:    6
 This function calls:
		_ADC_Initialize
		_CCP5_Initialize
		_EUSART1_Initialize
		_INTERRUPT_Initialize
		_OSCILLATOR_Initialize
		_PIN_MANAGER_Initialize
		_TMR2_Initialize
 This function is called by:
		_main
 This function uses a non-reentrant model


 *************** function _TMR2_Initialize *****************
 Defined at:
		line 65 in file "mcc_generated_files/tmr2.c"
 Parameters:    Size  Location     Type
		None
 Auto vars:     Size  Location     Type
		None
 Return value:  Size  Location     Type
                  1    wreg      void 
 Registers used:
		wreg, status,2, status,0, cstack
 Tracked objects:
		On entry : 
		On exit  : 
		Unchanged: 
 Data sizes:     COMRAM   BANK0   BANK1   BANK2   BANK3   BANK4   BANK5   BANK6   BANK7   BANK8   BANK9  BANK10  BANK11  BANK12  BANK13  BANK14  BANK15
      Params:         0       0       0       0       0       0       0       0       0       0       0       0       0       0       0       0       0
      Locals:         0       0       0       0       0       0       0       0       0       0       0       0       0       0       0       0       0
      Temps:          0       0       0       0       0       0       0       0       0       0       0       0       0       0       0       0       0
      Totals:         0       0       0       0       0       0       0       0       0       0       0       0       0       0       0       0       0
Total ram usage:        0 bytes
 Hardware stack levels used:    1
 Hardware stack levels required when called:    5
 This function calls:
		_TMR2_SetInterruptHandler
		_TMR2_StartTimer
 This function is called by:
		_SYSTEM_Initialize
 This function uses a non-reentrant model


 *************** function _TMR2_StartTimer *****************
 Defined at:
		line 91 in file "mcc_generated_files/tmr2.c"
 Parameters:    Size  Location     Type
		None
 Auto vars:     Size  Location     Type
		None
 Return value:  Size  Location     Type
                  1    wreg      void 
 Registers used:
		None
 Tracked objects:
		On entry : 
		On exit  : 
		Unchanged: 
 Data sizes:     COMRAM   BANK0   BANK1   BANK2   BANK3   BANK4   BANK5   BANK6   BANK7   BANK8   BANK9  BANK10  BANK11  BANK12  BANK13  BANK14  BANK15
      Params:         0       0       0       0       0       0       0       0       0       0       0       0       0       0       0       0       0
      Locals:         0       0       0       0       0       0       0       0       0       0       0       0       0       0       0       0       0
      Temps:          0       0       0       0       0       0       0       0       0       0       0       0       0       0       0       0       0
      Totals:         0       0       0       0       0       0       0       0       0       0       0       0       0       0       0       0       0
Total ram usage:        0 bytes
 Hardware stack levels used:    1
 Hardware stack levels required when called:    4
 This function calls:
		Nothing
 This function is called by:
		_TMR2_Initialize
 This function uses a non-reentrant model


 *************** function _PIN_MANAGER_Initialize *****************
 Defined at:
		line 51 in file "mcc_generated_files/pin_manager.c"
 Parameters:    Size  Location     Type
		None
 Auto vars:     Size  Location     Type
		None
 Return value:  Size  Location     Type
                  1    wreg      void 
 Registers used:
		wreg, status,2
 Tracked objects:
		On entry : 
		On exit  : 
		Unchanged: 
 Data sizes:     COMRAM   BANK0   BANK1   BANK2   BANK3   BANK4   BANK5   BANK6   BANK7   BANK8   BANK9  BANK10  BANK11  BANK12  BANK13  BANK14  BANK15
      Params:         0       0       0       0       0       0       0       0       0       0       0       0       0       0       0       0       0
      Locals:         0       0       0       0       0       0       0       0       0       0       0       0       0       0       0       0       0
      Temps:          0       0       0       0       0       0       0       0       0       0       0       0       0       0       0       0       0
      Totals:         0       0       0       0       0       0       0       0       0       0       0       0       0       0       0       0       0
Total ram usage:        0 bytes
 Hardware stack levels used:    1
 Hardware stack levels required when called:    4
 This function calls:
		Nothing
 This function is called by:
		_SYSTEM_Initialize
 This function uses a non-reentrant model


 *************** function _OSCILLATOR_Initialize *****************
 Defined at:
		line 123 in file "mcc_generated_files/mcc.c"
 Parameters:    Size  Location     Type
		None
 Auto vars:     Size  Location     Type
		None
 Return value:  Size  Location     Type
                  1    wreg      void 
 Registers used:
		wreg, status,2
 Tracked objects:
		On entry : 
		On exit  : 
		Unchanged: 
 Data sizes:     COMRAM   BANK0   BANK1   BANK2   BANK3   BANK4   BANK5   BANK6   BANK7   BANK8   BANK9  BANK10  BANK11  BANK12  BANK13  BANK14  BANK15
      Params:         0       0       0       0       0       0       0       0       0       0       0       0       0       0       0       0       0
      Locals:         0       0       0       0       0       0       0       0       0       0       0       0       0       0       0       0       0
      Temps:          0       0       0       0       0       0       0       0       0       0       0       0       0       0       0       0       0
      Totals:         0       0       0       0       0       0       0       0       0       0       0       0       0       0       0       0       0
Total ram usage:        0 bytes
 Hardware stack levels used:    1
 Hardware stack levels required when called:    4
 This function calls:
		Nothing
 This function is called by:
		_SYSTEM_Initialize
 This function uses a non-reentrant model


 *************** function _INTERRUPT_Initialize *****************
 Defined at:
		line 51 in file "mcc_generated_files/interrupt_manager.c"
 Parameters:    Size  Location     Type
		None
 Auto vars:     Size  Location     Type
		None
 Return value:  Size  Location     Type
                  1    wreg      void 
 Registers used:
		None
 Tracked objects:
		On entry : 
		On exit  : 
		Unchanged: 
 Data sizes:     COMRAM   BANK0   BANK1   BANK2   BANK3   BANK4   BANK5   BANK6   BANK7   BANK8   BANK9  BANK10  BANK11  BANK12  BANK13  BANK14  BANK15
      Params:         0       0       0       0       0       0       0       0       0       0       0       0       0       0       0       0       0
      Locals:         0       0       0       0       0       0       0       0       0       0       0       0       0       0       0       0       0
      Temps:          0       0       0       0       0       0       0       0       0       0       0       0       0       0       0       0       0
      Totals:         0       0       0       0       0       0       0       0       0       0       0       0       0       0       0       0       0
Total ram usage:        0 bytes
 Hardware stack levels used:    1
 Hardware stack levels required when called:    4
 This function calls:
		Nothing
 This function is called by:
		_SYSTEM_Initialize
 This function uses a non-reentrant model


 *************** function _EUSART1_Initialize *****************
 Defined at:
		line 55 in file "mcc_generated_files/eusart1.c"
 Parameters:    Size  Location     Type
		None
 Auto vars:     Size  Location     Type
		None
 Return value:  Size  Location     Type
                  1    wreg      void 
 Registers used:
		wreg, status,2
 Tracked objects:
		On entry : 
		On exit  : 
		Unchanged: 
 Data sizes:     COMRAM   BANK0   BANK1   BANK2   BANK3   BANK4   BANK5   BANK6   BANK7   BANK8   BANK9  BANK10  BANK11  BANK12  BANK13  BANK14  BANK15
      Params:         0       0       0       0       0       0       0       0       0       0       0       0       0       0       0       0       0
      Locals:         0       0       0       0       0       0       0       0       0       0       0       0       0       0       0       0       0
      Temps:          0       0       0       0       0       0       0       0       0       0       0       0       0       0       0       0       0
      Totals:         0       0       0       0       0       0       0       0       0       0       0       0       0       0       0       0       0
Total ram usage:        0 bytes
 Hardware stack levels used:    1
 Hardware stack levels required when called:    4
 This function calls:
		Nothing
 This function is called by:
		_SYSTEM_Initialize
 This function uses a non-reentrant model


 *************** function _CCP5_Initialize *****************
 Defined at:
		line 57 in file "mcc_generated_files/ccp5.c"
 Parameters:    Size  Location     Type
		None
 Auto vars:     Size  Location     Type
		None
 Return value:  Size  Location     Type
                  1    wreg      void 
 Registers used:
		wreg, status,2
 Tracked objects:
		On entry : 
		On exit  : 
		Unchanged: 
 Data sizes:     COMRAM   BANK0   BANK1   BANK2   BANK3   BANK4   BANK5   BANK6   BANK7   BANK8   BANK9  BANK10  BANK11  BANK12  BANK13  BANK14  BANK15
      Params:         0       0       0       0       0       0       0       0       0       0       0       0       0       0       0       0       0
      Locals:         0       0       0       0       0       0       0       0       0       0       0       0       0       0       0       0       0
      Temps:          0       0       0       0       0       0       0       0       0       0       0       0       0       0       0       0       0
      Totals:         0       0       0       0       0       0       0       0       0       0       0       0       0       0       0       0       0
Total ram usage:        0 bytes
 Hardware stack levels used:    1
 Hardware stack levels required when called:    4
 This function calls:
		Nothing
 This function is called by:
		_SYSTEM_Initialize
 This function uses a non-reentrant model


 *************** function _ADC_Initialize *****************
 Defined at:
		line 58 in file "mcc_generated_files/adc.c"
 Parameters:    Size  Location     Type
		None
 Auto vars:     Size  Location     Type
		None
 Return value:  Size  Location     Type
                  1    wreg      void 
 Registers used:
		wreg, status,2
 Tracked objects:
		On entry : 
		On exit  : 
		Unchanged: 
 Data sizes:     COMRAM   BANK0   BANK1   BANK2   BANK3   BANK4   BANK5   BANK6   BANK7   BANK8   BANK9  BANK10  BANK11  BANK12  BANK13  BANK14  BANK15
      Params:         0       0       0       0       0       0       0       0       0       0       0       0       0       0       0       0       0
      Locals:         0       0       0       0       0       0       0       0       0       0       0       0       0       0       0       0       0
      Temps:          0       0       0       0       0       0       0       0       0       0       0       0       0       0       0       0       0
      Totals:         0       0       0       0       0       0       0       0       0       0       0       0       0       0       0       0       0
Total ram usage:        0 bytes
 Hardware stack levels used:    1
 Hardware stack levels required when called:    4
 This function calls:
		Nothing
 This function is called by:
		_SYSTEM_Initialize
 This function uses a non-reentrant model


 *************** function _MainTask *****************
 Defined at:
		line 42 in file "tasks.c"
 Parameters:    Size  Location     Type
		None
 Auto vars:     Size  Location     Type
		None
 Return value:  Size  Location     Type
                  1    wreg      void 
 Registers used:
		wreg, status,2, status,0, cstack
 Tracked objects:
		On entry : 
		On exit  : 
		Unchanged: 
 Data sizes:     COMRAM   BANK0   BANK1   BANK2   BANK3   BANK4   BANK5   BANK6   BANK7   BANK8   BANK9  BANK10  BANK11  BANK12  BANK13  BANK14  BANK15
      Params:         0       0       0       0       0       0       0       0       0       0       0       0       0       0       0       0       0
      Locals:         0       0       0       0       0       0       0       0       0       0       0       0       0       0       0       0       0
      Temps:          0       0       0       0       0       0       0       0       0       0       0       0       0       0       0       0       0
      Totals:         0       0       0       0       0       0       0       0       0       0       0       0       0       0       0       0       0
Total ram usage:        0 bytes
 Hardware stack levels used:    1
 Hardware stack levels required when called:    9
 This function calls:
		_TempUpdate
 This function is called by:
		_main
 This function uses a non-reentrant model


 *************** function _TempUpdate *****************
 Defined at:
		line 110 in file "tasks.c"
 Parameters:    Size  Location     Type
		None
 Auto vars:     Size  Location     Type
		None
 Return value:  Size  Location     Type
                  1    wreg      void 
 Registers used:
		wreg, status,2, status,0, cstack
 Tracked objects:
		On entry : 
		On exit  : 
		Unchanged: 
 Data sizes:     COMRAM   BANK0   BANK1   BANK2   BANK3   BANK4   BANK5   BANK6   BANK7   BANK8   BANK9  BANK10  BANK11  BANK12  BANK13  BANK14  BANK15
      Params:         0       0       0       0       0       0       0       0       0       0       0       0       0       0       0       0       0
      Locals:         0       0       0       0       0       0       0       0       0       0       0       0       0       0       0       0       0
      Temps:          0       0       0       0       0       0       0       0       0       0       0       0       0       0       0       0       0
      Totals:         0       0       0       0       0       0       0       0       0       0       0       0       0       0       0       0       0
Total ram usage:        0 bytes
 Hardware stack levels used:    1
 Hardware stack levels required when called:    8
 This function calls:
		_TempAcquisition
 This function is called by:
		_MainTask
 This function uses a non-reentrant model


 *************** function _TempAcquisition *****************
 Defined at:
		line 118 in file "tasks.c"
 Parameters:    Size  Location     Type
		None
 Auto vars:     Size  Location     Type
		None
 Return value:  Size  Location     Type
                  1    wreg      void 
 Registers used:
		wreg, status,2, status,0, cstack
 Tracked objects:
		On entry : 
		On exit  : 
		Unchanged: 
 Data sizes:     COMRAM   BANK0   BANK1   BANK2   BANK3   BANK4   BANK5   BANK6   BANK7   BANK8   BANK9  BANK10  BANK11  BANK12  BANK13  BANK14  BANK15
      Params:         0       0       0       0       0       0       0       0       0       0       0       0       0       0       0       0       0
      Locals:         0       2       0       0       0       0       0       0       0       0       0       0       0       0       0       0       0
      Temps:          0       0       0       0       0       0       0       0       0       0       0       0       0       0       0       0       0
      Totals:         0       2       0       0       0       0       0       0       0       0       0       0       0       0       0       0       0
Total ram usage:        2 bytes
 Hardware stack levels used:    1
 Hardware stack levels required when called:    7
 This function calls:
		_ADC_GetConversionResult
		_ADC_IsConversionDone
		_ADC_StartConversion
		_PID_Control
		___ftdiv
		___ftmul
		___fttol
		___lwtoft
 This function is called by:
		_TempUpdate
 This function uses a non-reentrant model


 *************** function ___lwtoft *****************
 Defined at:
		line 28 in file "C:\Program Files\Microchip\xc8\v1.41\sources\common\lwtoft.c"
 Parameters:    Size  Location     Type
  c               2   23[COMRAM] unsigned int 
 Auto vars:     Size  Location     Type
		None
 Return value:  Size  Location     Type
                  3   23[COMRAM] float 
 Registers used:
		wreg, status,2, status,0, cstack
 Tracked objects:
		On entry : 
		On exit  : 
		Unchanged: 
 Data sizes:     COMRAM   BANK0   BANK1   BANK2   BANK3   BANK4   BANK5   BANK6   BANK7   BANK8   BANK9  BANK10  BANK11  BANK12  BANK13  BANK14  BANK15
      Params:         3       0       0       0       0       0       0       0       0       0       0       0       0       0       0       0       0
      Locals:         0       0       0       0       0       0       0       0       0       0       0       0       0       0       0       0       0
      Temps:          0       0       0       0       0       0       0       0       0       0       0       0       0       0       0       0       0
      Totals:         3       0       0       0       0       0       0       0       0       0       0       0       0       0       0       0       0
Total ram usage:        3 bytes
 Hardware stack levels used:    1
 Hardware stack levels required when called:    5
 This function calls:
		___ftpack
 This function is called by:
		_TempAcquisition
 This function uses a non-reentrant model


 *************** function _PID_Control *****************
 Defined at:
		line 22 in file "PID.c"
 Parameters:    Size  Location     Type
  newInput        2   60[COMRAM] int 
 Auto vars:     Size  Location     Type
  error           3   19[BANK0 ] int 
  dInput          3   13[BANK0 ] int 
 Return value:  Size  Location     Type
                  2   60[COMRAM] int 
 Registers used:
		wreg, status,2, status,0, cstack
 Tracked objects:
		On entry : 
		On exit  : 
		Unchanged: 
 Data sizes:     COMRAM   BANK0   BANK1   BANK2   BANK3   BANK4   BANK5   BANK6   BANK7   BANK8   BANK9  BANK10  BANK11  BANK12  BANK13  BANK14  BANK15
      Params:         2       0       0       0       0       0       0       0       0       0       0       0       0       0       0       0       0
      Locals:         0       9       0       0       0       0       0       0       0       0       0       0       0       0       0       0       0
      Temps:          0       2       0       0       0       0       0       0       0       0       0       0       0       0       0       0       0
      Totals:         2      11       0       0       0       0       0       0       0       0       0       0       0       0       0       0       0
Total ram usage:       13 bytes
 Hardware stack levels used:    1
 Hardware stack levels required when called:    6
 This function calls:
		___awtoft
		___ftadd
		___ftge
		___ftmul
		___ftneg
		___fttol
 This function is called by:
		_TempAcquisition
 This function uses a non-reentrant model


 *************** function ___fttol *****************
 Defined at:
		line 44 in file "C:\Program Files\Microchip\xc8\v1.41\sources\common\fttol.c"
 Parameters:    Size  Location     Type
  f1              3   56[COMRAM] float 
 Auto vars:     Size  Location     Type
  lval            4    6[BANK0 ] unsigned long 
  exp1            1   10[BANK0 ] unsigned char 
  sign1           1    5[BANK0 ] unsigned char 
 Return value:  Size  Location     Type
                  4   56[COMRAM] long 
 Registers used:
		wreg, status,2, status,0
 Tracked objects:
		On entry : 
		On exit  : 
		Unchanged: 
 Data sizes:     COMRAM   BANK0   BANK1   BANK2   BANK3   BANK4   BANK5   BANK6   BANK7   BANK8   BANK9  BANK10  BANK11  BANK12  BANK13  BANK14  BANK15
      Params:         4       0       0       0       0       0       0       0       0       0       0       0       0       0       0       0       0
      Locals:         0       6       0       0       0       0       0       0       0       0       0       0       0       0       0       0       0
      Temps:          0       5       0       0       0       0       0       0       0       0       0       0       0       0       0       0       0
      Totals:         4      11       0       0       0       0       0       0       0       0       0       0       0       0       0       0       0
Total ram usage:       15 bytes
 Hardware stack levels used:    1
 Hardware stack levels required when called:    4
 This function calls:
		Nothing
 This function is called by:
		_TempAcquisition
		_PID_Control
 This function uses a non-reentrant model


 *************** function ___ftadd *****************
 Defined at:
		line 86 in file "C:\Program Files\Microchip\xc8\v1.41\sources\common\ftadd.c"
 Parameters:    Size  Location     Type
  f1              3   44[COMRAM] float 
  f2              3   47[COMRAM] float 
 Auto vars:     Size  Location     Type
  exp1            1   55[COMRAM] unsigned char 
  exp2            1   54[COMRAM] unsigned char 
  sign            1   53[COMRAM] unsigned char 
 Return value:  Size  Location     Type
                  3   44[COMRAM] float 
 Registers used:
		wreg, status,2, status,0, cstack
 Tracked objects:
		On entry : 
		On exit  : 
		Unchanged: 
 Data sizes:     COMRAM   BANK0   BANK1   BANK2   BANK3   BANK4   BANK5   BANK6   BANK7   BANK8   BANK9  BANK10  BANK11  BANK12  BANK13  BANK14  BANK15
      Params:         6       0       0       0       0       0       0       0       0       0       0       0       0       0       0       0       0
      Locals:         3       0       0       0       0       0       0       0       0       0       0       0       0       0       0       0       0
      Temps:          3       0       0       0       0       0       0       0       0       0       0       0       0       0       0       0       0
      Totals:        12       0       0       0       0       0       0       0       0       0       0       0       0       0       0       0       0
Total ram usage:       12 bytes
 Hardware stack levels used:    1
 Hardware stack levels required when called:    5
 This function calls:
		___ftpack
 This function is called by:
		_PID_Control
 This function uses a non-reentrant model


 *************** function _ADC_IsConversionDone *****************
 Defined at:
		line 94 in file "mcc_generated_files/adc.c"
 Parameters:    Size  Location     Type
		None
 Auto vars:     Size  Location     Type
		None
 Return value:  Size  Location     Type
                  1    wreg      unsigned char 
 Registers used:
		wreg
 Tracked objects:
		On entry : 
		On exit  : 
		Unchanged: 
 Data sizes:     COMRAM   BANK0   BANK1   BANK2   BANK3   BANK4   BANK5   BANK6   BANK7   BANK8   BANK9  BANK10  BANK11  BANK12  BANK13  BANK14  BANK15
      Params:         0       0       0       0       0       0       0       0       0       0       0       0       0       0       0       0       0
      Locals:         0       0       0       0       0       0       0       0       0       0       0       0       0       0       0       0       0
      Temps:          0       0       0       0       0       0       0       0       0       0       0       0       0       0       0       0       0
      Totals:         0       0       0       0       0       0       0       0       0       0       0       0       0       0       0       0       0
Total ram usage:        0 bytes
 Hardware stack levels used:    1
 Hardware stack levels required when called:    4
 This function calls:
		Nothing
 This function is called by:
		_TempAcquisition
 This function uses a non-reentrant model


 *************** function _ADC_GetConversionResult *****************
 Defined at:
		line 100 in file "mcc_generated_files/adc.c"
 Parameters:    Size  Location     Type
		None
 Auto vars:     Size  Location     Type
		None
 Return value:  Size  Location     Type
                  2   15[COMRAM] unsigned int 
 Registers used:
		wreg, status,2, status,0
 Tracked objects:
		On entry : 
		On exit  : 
		Unchanged: 
 Data sizes:     COMRAM   BANK0   BANK1   BANK2   BANK3   BANK4   BANK5   BANK6   BANK7   BANK8   BANK9  BANK10  BANK11  BANK12  BANK13  BANK14  BANK15
      Params:         2       0       0       0       0       0       0       0       0       0       0       0       0       0       0       0       0
      Locals:         0       0       0       0       0       0       0       0       0       0       0       0       0       0       0       0       0
      Temps:          2       0       0       0       0       0       0       0       0       0       0       0       0       0       0       0       0
      Totals:         4       0       0       0       0       0       0       0       0       0       0       0       0       0       0       0       0
Total ram usage:        4 bytes
 Hardware stack levels used:    1
 Hardware stack levels required when called:    4
 This function calls:
		Nothing
 This function is called by:
		_TempAcquisition
 This function uses a non-reentrant model


 *************** function _InitHardware *****************
 Defined at:
		line 22 in file "tasks.c"
 Parameters:    Size  Location     Type
		None
 Auto vars:     Size  Location     Type
		None
 Return value:  Size  Location     Type
                  1    wreg      void 
 Registers used:
		wreg, status,2, status,0, cstack
 Tracked objects:
		On entry : 
		On exit  : 
		Unchanged: 
 Data sizes:     COMRAM   BANK0   BANK1   BANK2   BANK3   BANK4   BANK5   BANK6   BANK7   BANK8   BANK9  BANK10  BANK11  BANK12  BANK13  BANK14  BANK15
      Params:         0       0       0       0       0       0       0       0       0       0       0       0       0       0       0       0       0
      Locals:         0       0       0       0       0       0       0       0       0       0       0       0       0       0       0       0       0
      Temps:          0       0       0       0       0       0       0       0       0       0       0       0       0       0       0       0       0
[...]
  ff2             3   30[COMRAM] float 
 Auto vars:     Size  Location     Type
		None
 Return value:  Size  Location     Type
		None               void
 Registers used:
		wreg, status,2, status,0
 Tracked objects:
		On entry : 
		On exit  : 
		Unchanged: 
 Data sizes:     COMRAM   BANK0   BANK1   BANK2   BANK3   BANK4   BANK5   BANK6   BANK7   BANK8   BANK9  BANK10  BANK11  BANK12  BANK13  BANK14  BANK15
      Params:         6       0       0       0       0       0       0       0       0       0       0       0       0       0       0       0       0
      Locals:         0       0       0       0       0       0       0       0       0       0       0       0       0       0       0       0       0
      Temps:          3       0       0       0       0       0       0       0       0       0       0       0       0       0       0       0       0
      Totals:         9       0       0       0       0       0       0       0       0       0       0       0       0       0       0       0       0
Total ram usage:        9 bytes
 Hardware stack levels used:    1
 Hardware stack levels required when called:    4
 This function calls:
		Nothing
 This function is called by:
		_PID_Control
		_PID_SetOutputLimits
		_PID_Initialize
 This function uses a non-reentrant model


 *************** function ___awtoft *****************
 Defined at:
		line 32 in file "C:\Program Files\Microchip\xc8\v1.41\sources\common\awtoft.c"
 Parameters:    Size  Location     Type
  c               2   23[COMRAM] int 
 Auto vars:     Size  Location     Type
  sign            1   26[COMRAM] unsigned char 
 Return value:  Size  Location     Type
                  3   23[COMRAM] float 
 Registers used:
		wreg, status,2, status,0, cstack
 Tracked objects:
		On entry : 
		On exit  : 
		Unchanged: 
 Data sizes:     COMRAM   BANK0   BANK1   BANK2   BANK3   BANK4   BANK5   BANK6   BANK7   BANK8   BANK9  BANK10  BANK11  BANK12  BANK13  BANK14  BANK15
      Params:         3       0       0       0       0       0       0       0       0       0       0       0       0       0       0       0       0
      Locals:         1       0       0       0       0       0       0       0       0       0       0       0       0       0       0       0       0
      Temps:          0       0       0       0       0       0       0       0       0       0       0       0       0       0       0       0       0
      Totals:         4       0       0       0       0       0       0       0       0       0       0       0       0       0       0       0       0
Total ram usage:        4 bytes
 Hardware stack levels used:    1
 Hardware stack levels required when called:    5
 This function calls:
		___ftpack
 This function is called by:
		_PID_Control
		_PID_SetPoint
		_PID_SetTunings
		_PID_SetSampleTime
		_PID_SetOutputLimits
		_PID_Initialize
 This function uses a non-reentrant model


 *************** function ___ftpack *****************
 Defined at:
		line 62 in file "C:\Program Files\Microchip\xc8\v1.41\sources\common\float.c"
 Parameters:    Size  Location     Type
  arg             3   15[COMRAM] unsigned um
  exp             1   18[COMRAM] unsigned char 
  sign            1   19[COMRAM] unsigned char 
 Auto vars:     Size  Location     Type
		None
 Return value:  Size  Location     Type
                  3   15[COMRAM] float 
 Registers used:
		wreg, status,2, status,0
 Tracked objects:
		On entry : 
		On exit  : 
		Unchanged: 
 Data sizes:     COMRAM   BANK0   BANK1   BANK2   BANK3   BANK4   BANK5   BANK6   BANK7   BANK8   BANK9  BANK10  BANK11  BANK12  BANK13  BANK14  BANK15
      Params:         5       0       0       0       0       0       0       0       0       0       0       0       0       0       0       0       0
      Locals:         0       0       0       0       0       0       0       0       0       0       0       0       0       0       0       0       0
      Temps:          3       0       0       0       0       0       0       0       0       0       0       0       0       0       0       0       0
      Totals:         8       0       0       0       0       0       0       0       0       0       0       0       0       0       0       0       0
Total ram usage:        8 bytes
 Hardware stack levels used:    1
 Hardware stack levels required when called:    4
 This function calls:
		Nothing
 This function is called by:
		___awtoft
		___ftadd
		___ftdiv
		___ftmul
		___lwtoft
 This function uses a non-reentrant model


 *************** function _PID_SetControllerDirection *****************
 Defined at:
		line 95 in file "PID.c"
 Parameters:    Size  Location     Type
  Direction       2   15[COMRAM] int 
 Auto vars:     Size  Location     Type
		None
 Return value:  Size  Location     Type
                  1    wreg      void 
 Registers used:
		None
 Tracked objects:
		On entry : 
		On exit  : 
		Unchanged: 
 Data sizes:     COMRAM   BANK0   BANK1   BANK2   BANK3   BANK4   BANK5   BANK6   BANK7   BANK8   BANK9  BANK10  BANK11  BANK12  BANK13  BANK14  BANK15
      Params:         2       0       0       0       0       0       0       0       0       0       0       0       0       0       0       0       0
      Locals:         0       0       0       0       0       0       0       0       0       0       0       0       0       0       0       0       0
      Temps:          0       0       0       0       0       0       0       0       0       0       0       0       0       0       0       0       0
      Totals:         2       0       0       0       0       0       0       0       0       0       0       0       0       0       0       0       0
Total ram usage:        2 bytes
 Hardware stack levels used:    1
 Hardware stack levels required when called:    4
 This function calls:
		Nothing
 This function is called by:
		_InitHardware
 This function uses a non-reentrant model


 *************** function _ADC_StartConversion *****************
 Defined at:
		line 87 in file "mcc_generated_files/adc.c"
 Parameters:    Size  Location     Type
		None
 Auto vars:     Size  Location     Type
		None
 Return value:  Size  Location     Type
                  1    wreg      void 
 Registers used:
		None
 Tracked objects:
		On entry : 
		On exit  : 
		Unchanged: 
 Data sizes:     COMRAM   BANK0   BANK1   BANK2   BANK3   BANK4   BANK5   BANK6   BANK7   BANK8   BANK9  BANK10  BANK11  BANK12  BANK13  BANK14  BANK15
      Params:         0       0       0       0       0       0       0       0       0       0       0       0       0       0       0       0       0
      Locals:         0       0       0       0       0       0       0       0       0       0       0       0       0       0       0       0       0
      Temps:          0       0       0       0       0       0       0       0       0       0       0       0       0       0       0       0       0
      Totals:         0       0       0       0       0       0       0       0       0       0       0       0       0       0       0       0       0
Total ram usage:        0 bytes
 Hardware stack levels used:    1
 Hardware stack levels required when called:    4
 This function calls:
		Nothing
 This function is called by:
		_InitHardware
		_TempAcquisition
 This function uses a non-reentrant model


 *************** function _ADC_SelectChannel *****************
 Defined at:
		line 79 in file "mcc_generated_files/adc.c"
 Parameters:    Size  Location     Type
  channel         1    wreg     enum E6986
 Auto vars:     Size  Location     Type
  channel         1   16[COMRAM] enum E6986
 Return value:  Size  Location     Type
                  1    wreg      void 
 Registers used:
		wreg, status,2, status,0
 Tracked objects:
		On entry : 
		On exit  : 
		Unchanged: 
 Data sizes:     COMRAM   BANK0   BANK1   BANK2   BANK3   BANK4   BANK5   BANK6   BANK7   BANK8   BANK9  BANK10  BANK11  BANK12  BANK13  BANK14  BANK15
      Params:         0       0       0       0       0       0       0       0       0       0       0       0       0       0       0       0       0
      Locals:         1       0       0       0       0       0       0       0       0       0       0       0       0       0       0       0       0
      Temps:          1       0       0       0       0       0       0       0       0       0       0       0       0       0       0       0       0
      Totals:         2       0       0       0       0       0       0       0       0       0       0       0       0       0       0       0       0
Total ram usage:        2 bytes
 Hardware stack levels used:    1
 Hardware stack levels required when called:    4
 This function calls:
		Nothing
 This function is called by:
		_InitHardware
 This function uses a non-reentrant model


 *************** function _INTERRUPT_InterruptManager *****************
 Defined at:
		line 57 in file "mcc_generated_files/interrupt_manager.c"
 Parameters:    Size  Location     Type
		None
 Auto vars:     Size  Location     Type
		None
 Return value:  Size  Location     Type
                  1    wreg      void 
 Registers used:
		wreg, status,2, status,0, pclath, tosl, cstack
 Tracked objects:
		On entry : 
		On exit  : 
		Unchanged: 
 Data sizes:     COMRAM   BANK0   BANK1   BANK2   BANK3   BANK4   BANK5   BANK6   BANK7   BANK8   BANK9  BANK10  BANK11  BANK12  BANK13  BANK14  BANK15
      Params:         0       0       0       0       0       0       0       0       0       0       0       0       0       0       0       0       0
      Locals:         0       0       0       0       0       0       0       0       0       0       0       0       0       0       0       0       0
      Temps:         14       0       0       0       0       0       0       0       0       0       0       0       0       0       0       0       0
      Totals:        14       0       0       0       0       0       0       0       0       0       0       0       0       0       0       0       0
Total ram usage:       14 bytes
 Hardware stack levels used:    1
 Hardware stack levels required when called:    3
 This function calls:
		_TMR2_ISR
 This function is called by:
		Interrupt level 2
 This function uses a non-reentrant model


 *************** function _TMR2_ISR *****************
 Defined at:
		line 123 in file "mcc_generated_files/tmr2.c"
 Parameters:    Size  Location     Type
		None
 Auto vars:     Size  Location     Type
		None
 Return value:  Size  Location     Type
                  1    wreg      void 
 Registers used:
		wreg, status,2, status,0, pclath, tosl, cstack
 Tracked objects:
		On entry : 
		On exit  : 
		Unchanged: 
 Data sizes:     COMRAM   BANK0   BANK1   BANK2   BANK3   BANK4   BANK5   BANK6   BANK7   BANK8   BANK9  BANK10  BANK11  BANK12  BANK13  BANK14  BANK15
      Params:         0       0       0       0       0       0       0       0       0       0       0       0       0       0       0       0       0
      Locals:         0       0       0       0       0       0       0       0       0       0       0       0       0       0       0       0       0
      Temps:          0       0       0       0       0       0       0       0       0       0       0       0       0       0       0       0       0
      Totals:         0       0       0       0       0       0       0       0       0       0       0       0       0       0       0       0       0
Total ram usage:        0 bytes
 Hardware stack levels used:    1
 Hardware stack levels required when called:    2
 This function calls:
		_TMR2_CallBack
 This function is called by:
		_INTERRUPT_InterruptManager
 This function uses a non-reentrant model


 *************** function _TMR2_CallBack *****************
 Defined at:
		line 141 in file "mcc_generated_files/tmr2.c"
 Parameters:    Size  Location     Type
		None
 Auto vars:     Size  Location     Type
		None
 Return value:  Size  Location     Type
                  1    wreg      void 
 Registers used:
		wreg, status,2, status,0, pclath, tosl, cstack
 Tracked objects:
		On entry : 
		On exit  : 
		Unchanged: 
 Data sizes:     COMRAM   BANK0   BANK1   BANK2   BANK3   BANK4   BANK5   BANK6   BANK7   BANK8   BANK9  BANK10  BANK11  BANK12  BANK13  BANK14  BANK15
      Params:         0       0       0       0       0       0       0       0       0       0       0       0       0       0       0       0       0
      Locals:         0       0       0       0       0       0       0       0       0       0       0       0       0       0       0       0       0
      Temps:          0       0       0       0       0       0       0       0       0       0       0       0       0       0       0       0       0
      Totals:         0       0       0       0       0       0       0       0       0       0       0       0       0       0       0       0       0
Total ram usage:        0 bytes
 Hardware stack levels used:    1
 Hardware stack levels required when called:    1
 This function calls:
		Absolute function
		_TMR2_DefaultInterruptHandler
		_TMR2_Tick
 This function is called by:
		_TMR2_ISR
 This function uses a non-reentrant model


 *************** function _TMR2_DefaultInterruptHandler *****************
 Defined at:
		line 155 in file "mcc_generated_files/tmr2.c"
 Parameters:    Size  Location     Type
		None
 Auto vars:     Size  Location     Type
		None
 Return value:  Size  Location     Type
                  1    wreg      void 
 Registers used:
		None
 Tracked objects:
		On entry : 
		On exit  : 
		Unchanged: 
 Data sizes:     COMRAM   BANK0   BANK1   BANK2   BANK3   BANK4   BANK5   BANK6   BANK7   BANK8   BANK9  BANK10  BANK11  BANK12  BANK13  BANK14  BANK15
      Params:         0       0       0       0       0       0       0       0       0       0       0       0       0       0       0       0       0
      Locals:         0       0       0       0       0       0       0       0       0       0       0       0       0       0       0       0       0
      Temps:          0       0       0       0       0       0       0       0       0       0       0       0       0       0       0       0       0
      Totals:         0       0       0       0       0       0       0       0       0       0       0       0       0       0       0       0       0
Total ram usage:        0 bytes
 Hardware stack levels used:    1
 This function calls:
		Nothing
 This function is called by:
		_TMR2_Initialize
		_TMR2_CallBack
 This function uses a non-reentrant model


 *************** function _TMR2_Tick *****************
 Defined at:
		line 47 in file "tasks.c"
 Parameters:    Size  Location     Type
		None
 Auto vars:     Size  Location     Type
		None
 Return value:  Size  Location     Type
                  1    wreg      void 
 Registers used:
		wreg, status,2, status,0
 Tracked objects:
		On entry : 
		On exit  : 
		Unchanged: 
 Data sizes:     COMRAM   BANK0   BANK1   BANK2   BANK3   BANK4   BANK5   BANK6   BANK7   BANK8   BANK9  BANK10  BANK11  BANK12  BANK13  BANK14  BANK15
      Params:         0       0       0       0       0       0       0       0       0       0       0       0       0       0       0       0       0
      Locals:         0       0       0       0       0       0       0       0       0       0       0       0       0       0       0       0       0
      Temps:          1       0       0       0       0       0       0       0       0       0       0       0       0       0       0       0       0
      Totals:         1       0       0       0       0       0       0       0       0       0       0       0       0       0       0       0       0
Total ram usage:        1 bytes
 Hardware stack levels used:    1
 This function calls:
		Nothing
 This function is called by:
		_InitHardware
		_TMR2_CallBack
 This function uses a non-reentrant model



MODULE INFORMATION

Module		Function		Class		Link	Load	Size
C:\Program Files\Microchip\xc8\v1.41\sources\common\ftadd.c
		___ftadd       		CODE           	031A	0000	429

C:\Program Files\Microchip\xc8\v1.41\sources\common\ftadd.c estimated size: 429

PID.c
		_PID_Control   		CODE           	008E	0000	653
		_PID_SetOutputLimits		CODE           	091A	0000	243
		_PID_SetMode   		CODE           	0FCA	0000	43
		_PID_SetPoint  		CODE           	10EA	0000	27
		_PID_Initialize		CODE           	0BCE	0000	189
		_PID_SetSampleTime		CODE           	0D38	0000	169
		_PID_SetTunings		CODE           	0722	0000	261
		_PID_SetControllerDirection		CODE           	11A6	0000	11

PID.c estimated size: 1596

mcc_generated_files/tmr2.c
		_TMR2_ISR      		CODE           	0FF4	0000	41
		_TMR2_Initialize		CODE           	108A	0000	35
		_TMR2_SetInterruptHandler		CODE           	119C	0000	11
		_TMR2_DefaultInterruptHandler		CODE           	11C4	0000	3
		_TMR2_CallBack 		CODE           	101C	0000	39
		_TMR2_StartTimer		CODE           	11B6	0000	5

mcc_generated_files/tmr2.c estimated size: 134

mcc_generated_files/interrupt_manager.c
		_INTERRUPT_Initialize		CODE           	11BA	0000	5
		_INTERRUPT_InterruptManager		CODE           	0008	0000	131

mcc_generated_files/interrupt_manager.c estimated size: 136

C:\Program Files\Microchip\xc8\v1.41\sources\common\ftneg.c
		___ftneg       		CODE           	1066	0000	37

C:\Program Files\Microchip\xc8\v1.41\sources\common\ftneg.c estimated size: 37

C:\Program Files\Microchip\xc8\v1.41\sources\common\awtoft.c
		___awtoft      		CODE           	0F92	0000	57

C:\Program Files\Microchip\xc8\v1.41\sources\common\awtoft.c estimated size: 57

C:\Program Files\Microchip\xc8\v1.41\sources\common\ftge.c
		___ftge        		CODE           	0E7A	0000	145

C:\Program Files\Microchip\xc8\v1.41\sources\common\ftge.c estimated size: 145

mcc_generated_files/pin_manager.c
		_PIN_MANAGER_Initialize		CODE           	0F0A	0000	75

mcc_generated_files/pin_manager.c estimated size: 75

C:\Program Files\Microchip\xc8\v1.41\sources\common\float.c
		___ftpack      		CODE           	0C8A	0000	175

C:\Program Files\Microchip\xc8\v1.41\sources\common\float.c estimated size: 175

mcc_generated_files/adc.c
		_ADC_Initialize		CODE           	1132	0000	23
		_ADC_IsConversionDone		CODE           	1190	0000	13
		_ADC_GetConversionResult		CODE           	115C	0000	21
		_ADC_StartConversion		CODE           	11BE	0000	5
		_ADC_SelectChannel		CODE           	1104	0000	25

mcc_generated_files/adc.c estimated size: 87

C:\Program Files\Microchip\xc8\v1.41\sources\common\lwtoft.c
		___lwtoft      		CODE           	1042	0000	37

C:\Program Files\Microchip\xc8\v1.41\sources\common\lwtoft.c estimated size: 37

tasks.c
		_TempAcquisition		CODE           	0AF2	0000	221
		_TempUpdate    		CODE           	10AC	0000	33
		_MainTask      		CODE           	11B0	0000	7
		_TMR2_Tick     		CODE           	05F4	0000	303
		_InitHardware  		CODE           	0DE0	0000	155

tasks.c estimated size: 719

shared
		__initialization		CODE           	0F54	0000	49

shared estimated size: 49

mcc_generated_files/eusart1.c
		_EUSART1_Initialize		CODE           	111C	0000	23

mcc_generated_files/eusart1.c estimated size: 23

C:\Program Files\Microchip\xc8\v1.41\sources\common\ftmul.c
		___ftmul       		CODE           	0826	0000	245

C:\Program Files\Microchip\xc8\v1.41\sources\common\ftmul.c estimated size: 245

mcc_generated_files/mcc.c
		_OSCILLATOR_Initialize		CODE           	1182	0000	15
		_SYSTEM_Initialize		CODE           	10CC	0000	31

mcc_generated_files/mcc.c estimated size: 46

C:\Program Files\Microchip\xc8\v1.41\sources\common\ftdiv.c
		___ftdiv       		CODE           	0A0C	0000	231

C:\Program Files\Microchip\xc8\v1.41\sources\common\ftdiv.c estimated size: 231

mcc_generated_files/ccp5.c
		_CCP5_Initialize		CODE           	1148	0000	21

mcc_generated_files/ccp5.c estimated size: 21

main.c
		_main          		CODE           	1170	0000	19

main.c estimated size: 19

C:\Program Files\Microchip\xc8\v1.41\sources\common\fttol.c
		___fttol       		CODE           	04C6	0000	303

C:\Program Files\Microchip\xc8\v1.41\sources\common\fttol.c estimated size: 303

